[    0.000000] Initializing cgroup subsys cpuset
[    0.000000] Initializing cgroup subsys cpu
[    0.000000] Initializing cgroup subsys cpuacct
[    0.000000] Linux version 4.4.0-97-generic (buildd@lcy01-33) (gcc version 5.4.0 20160609 (Ubuntu 5.4.0-6ubuntu1~16.04.4) ) #120-Ubuntu SMP Tue Sep 19 17:28:18 UTC 2017 (Ubuntu 4.4.0-97.120-generic 4.4.87)
[    0.000000] Command line: BOOT_IMAGE=/boot/vmlinuz-4.4.0-97-generic root=LABEL=cloudimg-rootfs ro console=tty1 console=ttyS0
[    0.000000] KERNEL supported cpus:
[    0.000000]   Intel GenuineIntel
[    0.000000]   AMD AuthenticAMD
[    0.000000]   Centaur CentaurHauls
[    0.000000] x86/fpu: xstate_offset[2]:  576, xstate_sizes[2]:  256
[    0.000000] x86/fpu: Supporting XSAVE feature 0x01: 'x87 floating point registers'
[    0.000000] x86/fpu: Supporting XSAVE feature 0x02: 'SSE registers'
[    0.000000] x86/fpu: Supporting XSAVE feature 0x04: 'AVX registers'
[    0.000000] x86/fpu: Enabled xstate features 0x7, context size is 832 bytes, using 'standard' format.
[    0.000000] x86/fpu: Using 'lazy' FPU context switches.
[    0.000000] e820: BIOS-provided physical RAM map:
[    0.000000] BIOS-e820: [mem 0x0000000000000000-0x000000000009fbff] usable
[    0.000000] BIOS-e820: [mem 0x000000000009fc00-0x000000000009ffff] reserved
[    0.000000] BIOS-e820: [mem 0x00000000000f0000-0x00000000000fffff] reserved
[    0.000000] BIOS-e820: [mem 0x0000000000100000-0x000000003ffeffff] usable
[    0.000000] BIOS-e820: [mem 0x000000003fff0000-0x000000003fffffff] ACPI data
[    0.000000] BIOS-e820: [mem 0x00000000fec00000-0x00000000fec00fff] reserved
[    0.000000] BIOS-e820: [mem 0x00000000fee00000-0x00000000fee00fff] reserved
[    0.000000] BIOS-e820: [mem 0x00000000fffc0000-0x00000000ffffffff] reserved
[    0.000000] NX (Execute Disable) protection: active
[    0.000000] SMBIOS 2.5 present.
[    0.000000] Hypervisor detected: KVM
[    0.000000] e820: last_pfn = 0x3fff0 max_arch_pfn = 0x400000000
[    0.000000] MTRR: Disabled
[    0.000000] x86/PAT: MTRRs disabled, skipping PAT initialization too.
[    0.000000] CPU MTRRs all blank - virtualized system.
[    0.000000] x86/PAT: Configuration [0-7]: WB  WT  UC- UC  WB  WT  UC- UC  
[    0.000000] found SMP MP-table at [mem 0x0009fff0-0x0009ffff] mapped at [ffff88000009fff0]
[    0.000000] Scanning 1 areas for low memory corruptio
[    0.000000] RAMDISK: [mem 0x36adc000-0x37565fff]
[    0.000000] ACPI: Early table checksum verification disabled
[    0.000000] ACPI: RSDP 0x00000000000E0000 000024 (v02 VBOX  )
[    0.000000] ACPI: XSDT 0x000000003FFF0030 00003C (v01 VBOX   VBOXXSDT 00000001 ASL  00000061)
[    0.000000] ACPI: FACP 0x000000003FFF00F0 0000F4 (v04 VBOX   VBOXFACP 00000001 ASL  00000061)
[    0.000000] ACPI: DSDT 0x000000003FFF0470 0021C8 (v02 VBOX   VBOXBIOS 00000002 INTL 20100528)
[    0.000000] ACPI: FACS 0x000000003FFF0200 000040
[    0.000000] ACPI: FACS 0x000000003FFF0200 000040
[    0.000000] ACPI: APIC 0x000000003FFF0240 00005C (v02 VBOX   VBOXAPIC 00000001 ASL  00000061)
[    0.000000] ACPI: SSDT 0x000000003FFF02A0 0001CC (v01 VBOX   VBOXCPUT 00000002 INTL 20100528)
[    0.000000] No NUMA configuration found
[    0.000000] Faking a node at [mem 0x0000000000000000-0x000000003ffeffff]
[    0.000000] NODE_DATA(0) allocated [mem 0x3ffeb000-0x3ffeffff]
[    0.000000] kvm-clock: Using msrs 4b564d01 and 4b564d00
[    0.000000] kvm-clock: cpu 0, msr 0:3ffe3001, primary cpu clock
[    0.000000] kvm-clock: using sched offset of 3485336968 cycles
[    0.000000] clocksource: kvm-clock: mask: 0xffffffffffffffff max_cycles: 0x1cd42e4dffb, max_idle_ns: 881590591483 ns
[    0.000000] Zone ranges:
[    0.000000]   DMA      [mem 0x0000000000001000-0x0000000000ffffff]
[    0.000000]   DMA32    [mem 0x0000000001000000-0x000000003ffeffff]
[    0.000000]   Normal   empty
[    0.000000]   Device   empty
[    0.000000] Movable zone start for each node
[    0.000000] Early memory node ranges
[    0.000000]   node   0: [mem 0x0000000000001000-0x000000000009efff]
[    0.000000]   node   0: [mem 0x0000000000100000-0x000000003ffeffff]
[    0.000000] Initmem setup node 0 [mem 0x0000000000001000-0x000000003ffeffff]
[    0.000000] ACPI: PM-Timer IO Port: 0x4008
[    0.000000] IOAPIC[0]: apic_id 2, version 32, address 0xfec00000, GSI 0-23
[    0.000000] ACPI: INT_SRC_OVR (bus 0 bus_irq 0 global_irq 2 dfl dfl)
[    0.000000] ACPI: INT_SRC_OVR (bus 0 bus_irq 9 global_irq 9 high level)
[    0.000000] Using ACPI (MADT) for SMP configuration information
[    0.000000] smpboot: Allowing 2 CPUs, 0 hotplug CPUs
[    0.000000] PM: Registered nosave memory: [mem 0x00000000-0x00000fff]
[    0.000000] PM: Registered nosave memory: [mem 0x0009f000-0x0009ffff]
[    0.000000] PM: Registered nosave memory: [mem 0x000a0000-0x000effff]
[    0.000000] PM: Registered nosave memory: [mem 0x000f0000-0x000fffff]
[    0.000000] e820: [mem 0x40000000-0xfebfffff] available for PCI devices
[    0.000000] Booting paravirtualized kernel on KVM
[    0.000000] clocksource: refined-jiffies: mask: 0xffffffff max_cycles: 0xffffffff, max_idle_ns: 7645519600211568 ns
[    0.000000] setup_percpu: NR_CPUS:512 nr_cpumask_bits:512 nr_cpu_ids:2 nr_node_ids:1
[    0.000000] PERCPU: Embedded 34 pages/cpu @ffff88003fc00000 s98328 r8192 d32744 u1048576
[    0.000000] PV qspinlock hash table entries: 256 (order: 0, 4096 bytes)
[    0.000000] Built 1 zonelists in Node order, mobility grouping on.  Total pages: 257913
[    0.000000] Policy zone: DMA32
[    0.000000] Kernel command line: BOOT_IMAGE=/boot/vmlinuz-4.4.0-97-generic root=LABEL=cloudimg-rootfs ro console=tty1 console=ttyS0
[    0.000000] PID hash table entries: 4096 (order: 3, 32768 bytes)
[    0.000000] Memory: 1001772K/1048120K available (8480K kernel code, 1294K rwdata, 3984K rodata, 1492K init, 1316K bss, 46348K reserved, 0K cma-reserved)
[    0.000000] SLUB: HWalign=64, Order=0-3, MinObjects=0, CPUs=2, Nodes=1
[    0.000000] Hierarchical RCU implementation.
[    0.000000] 	Build-time adjustment of leaf fanout to 64.
[    0.000000] 	RCU restricting CPUs from NR_CPUS=512 to nr_cpu_ids=2.
[    0.000000] RCU: Adjusting geometry for rcu_fanout_leaf=64, nr_cpu_ids=2
[    0.000000] NR_IRQS:33024 nr_irqs:440 16
[    0.000000] Console: colour VGA+ 80x25
[    0.000000] console [tty1] enabled
[    0.000000] console [ttyS0] enabled
[    0.000000] tsc: Detected 1995.381 MHz processor
[   15.763111] Calibrating delay loop (skipped) preset value.. 3990.76 BogoMIPS (lpj=7981524)
[   16.003920] pid_max: default: 32768 minimum: 301
[   16.142577] ACPI: Core revision 20150930
[   16.262035] ACPI: 2 ACPI AML tables successfully acquired and loaded
[   16.432005] Security Framework initialized
[   16.540956] Yama: becoming mindful.
[   16.646232] AppArmor: AppArmor initialized
[   16.758287] Dentry cache hash table entries: 131072 (order: 8, 1048576 bytes)
[   16.941570] Inode-cache hash table entries: 65536 (order: 7, 524288 bytes)
[   17.151587] Mount-cache hash table entries: 2048 (order: 2, 16384 bytes)
[   17.356337] Mountpoint-cache hash table entries: 2048 (order: 2, 16384 bytes)
[   17.552731] Initializing cgroup subsys io
[   17.649608] Initializing cgroup subsys memory
[   17.760459] Initializing cgroup subsys devices
[   17.864162] Initializing cgroup subsys freezer
[   17.924060] Initializing cgroup subsys net_cls
[   18.042725] Initializing cgroup subsys perf_event
[   18.179813] Initializing cgroup subsys net_prio
[   18.317522] Initializing cgroup subsys hugetlb
[   18.451078] Initializing cgroup subsys pids
[   18.575964] CPU: Physical Processor ID: 0
[   18.692445] CPU: Processor Core ID: 0
[   18.762114] mce: CPU supports 0 MCE banks
[   18.870982] Last level iTLB entries: 4KB 1024, 2MB 1024, 4MB 1024
[   19.023948] Last level dTLB entries: 4KB 1024, 2MB 1024, 4MB 1024, 1GB 4
[   19.181982] Freeing SMP alternatives memory: 32K
[   19.320322] ftrace: allocating 32148 entries in 126 pages
[   19.502871] smpboot: APIC(0) Converting physical 0 to logical package 0
[   19.701057] smpboot: Max logical packages: 1
[   19.837734] x2apic enabled
[   19.907859] Switched APIC routing to physical x2apic.
[   20.059690] ..TIMER: vector=0x30 apic1=0 pin1=2 apic2=-1 pin2=-1
[   20.275723] smpboot: CPU0: Intel(R) Core(TM) i7-4750HQ CPU @ 2.00GHz (family: 0x6, model: 0x46, stepping: 0x1)
[   20.565212] Performance Events: unsupported p6 CPU model 70 no PMU driver, software events only.
[   20.789288] KVM setup paravirtual spinlock
[   20.915281] x86: Booting SMP configuration:
[   21.031556] .... node  #0, CPUs:      #1
[   21.144141] kvm-clock: cpu 1, msr 0:3ffe3041, secondary cpu clock
[   21.245323] mce: CPU supports 0 MCE banks
[   21.275794] x86: Booted up 1 node, 2 CPUs
[   21.360248] smpboot: Total of 2 processors activated (7981.52 BogoMIPS)
[   21.539645] devtmpfs: initialized
[   21.636017] evm: security.selinux
[   21.736557] evm: security.SMACK64
[   21.824717] evm: security.SMACK64EXEC
[   21.928428] evm: security.SMACK64TRANSMUTE
[   22.056734] evm: security.SMACK64MMAP
[   22.158422] evm: security.ima
[   22.241955] evm: security.capability
[   22.349159] clocksource: jiffies: mask: 0xffffffff max_cycles: 0xffffffff, max_idle_ns: 7645041785100000 ns
[   22.556938] futex hash table entries: 512 (order: 3, 32768 bytes)
[   22.737687] pinctrl core: initialized pinctrl subsystem
[   22.870984] RTC time: 10:22:20, date: 01/19/18
[   22.993258] NET: Registered protocol family 16
[   23.130750] cpuidle: using governor ladder
[   23.258348] cpuidle: using governor menu
[   23.369395] PCCT header not found.
[   23.466555] ACPI: bus type PCI registered
[   23.504202] acpiphp: ACPI Hot Plug PCI Controller Driver version: 0.5
[   23.645110] PCI: Using configuration type 1 for base access
[   23.831290] ACPI: Added _OSI(Module Device)
[   23.953164] ACPI: Added _OSI(Processor Device)
[   24.092032] ACPI: Added _OSI(3.0 _SCP Extensions)
[   24.226652] ACPI: Added _OSI(Processor Aggregator Device)
[   24.378179] ACPI: Executed 1 blocks of module-level executable AML code
[   24.547050] ACPI: Interpreter enabled
[   24.609966] ACPI: (supports S0 S5)
[   24.642611] ACPI: Using IOAPIC for interrupt routing
[   24.740039] PCI: Using host bridge windows from ACPI; if necessary, use "pci=nocrs" and report a bug
[   24.970719] ACPI: PCI Root Bridge [PCI0] (domain 0000 [bus 00-ff])
[   25.099843] acpi PNP0A03:00: _OSC: OS supports [ASPM ClockPM Segments MSI]
[   25.267600] acpi PNP0A03:00: _OSC failed (AE_NOT_FOUND); disabling ASPM
[   25.436943] acpi PNP0A03:00: fail to add MMCONFIG information, can't access extended PCI configuration space under this bridge.
[   25.717337] PCI host bridge to bus 0000:00
[   25.782554] pci_bus 0000:00: root bus resource [io  0x0000-0x0cf7 window]
[   25.966123] pci_bus 0000:00: root bus resource [io  0x0d00-0xffff window]
[   26.163059] pci_bus 0000:00: root bus resource [mem 0x000a0000-0x000bffff window]
[   26.388806] pci_bus 0000:00: root bus resource [mem 0x40000000-0xffdfffff window]
[   26.587376] pci_bus 0000:00: root bus resource [bus 00-ff]
[   26.727334] pci 0000:00:01.1: legacy IDE quirk: reg 0x10: [io  0x01f0-0x01f7]
[   26.879763] pci 0000:00:01.1: legacy IDE quirk: reg 0x14: [io  0x03f6]
[   27.023551] pci 0000:00:01.1: legacy IDE quirk: reg 0x18: [io  0x0170-0x0177]
[   27.222385] pci 0000:00:01.1: legacy IDE quirk: reg 0x1c: [io  0x0376]
[   27.417969] pci 0000:00:07.0: quirk: [io  0x4000-0x403f] claimed by PIIX4 ACPI
[   27.532809] pci 0000:00:07.0: quirk: [io  0x4100-0x410f] claimed by PIIX4 SMB
[   27.650346] ACPI: PCI Interrupt Link [LNKA] (IRQs 5 9 10 *11)
[   27.799846] ACPI: PCI Interrupt Link [LNKB] (IRQs 5 9 10 *11)
[   27.948848] ACPI: PCI Interrupt Link [LNKC] (IRQs 5 9 *10 11)
[   28.031302] ACPI: PCI Interrupt Link [LNKD] (IRQs 5 *9 10 11)
[   28.181681] ACPI: Enabled 2 GPEs in block 00 to 07
[   28.294885] vgaarb: setting as boot device: PCI:0000:00:02.0
[   28.462654] vgaarb: device added: PCI:0000:00:02.0,decodes=io+mem,owns=io+mem,locks=none
[   28.701532] vgaarb: loaded
[   28.775517] vgaarb: bridge control possible 0000:00:02.0
[   28.931900] SCSI subsystem initialized
[   29.038672] ACPI: bus type USB registered
[   29.114571] usbcore: registered new interface driver usbfs
[   29.228943] usbcore: registered new interface driver hub
[   29.377528] usbcore: registered new device driver usb
[   29.517388] PCI: Using ACPI for IRQ routing
[   29.635684] NetLabel: Initializing
[   29.727288] NetLabel:  domain hash size = 128
[   29.845832] NetLabel:  protocols = UNLABELED CIPSOv4
[   29.973620] NetLabel:  unlabeled traffic allowed by default
[   30.135377] amd_nb: Cannot enumerate AMD northbridges
[   30.230259] clocksource: Switched to clocksource kvm-clock
[   30.361437] AppArmor: AppArmor Filesystem Enabled
[   30.502648] pnp: PnP ACPI init
[   30.601644] pnp: PnP ACPI: found 3 devices
[   30.737645] clocksource: acpi_pm: mask: 0xffffff max_cycles: 0xffffff, max_idle_ns: 2085701024 ns
[   31.003363] NET: Registered protocol family 2
[   31.138595] TCP established hash table entries: 8192 (order: 4, 65536 bytes)
[   31.330875] TCP bind hash table entries: 8192 (order: 5, 131072 bytes)
[   31.501973] TCP: Hash tables configured (established 8192 bind 8192)
[   31.697112] UDP hash table entries: 512 (order: 2, 16384 bytes)
[   31.869011] UDP-Lite hash table entries: 512 (order: 2, 16384 bytes)
[   32.060254] NET: Registered protocol family 1
[   32.192343] pci 0000:00:00.0: Limiting direct PCI/PCI transfers
[   32.354105] pci 0000:00:01.0: Activating ISA DMA hang workarounds
[   32.512719] Unpacking initramfs...
[   34.388771] Freeing initrd memory: 10792K
[   34.503258] platform rtc_cmos: registered platform RTC device (no PNP device found)
[   34.709014] Scanning for low memory corruption every 60 seconds
[   34.735865] audit: initializing netlink subsys (disabled)
[   34.887501] audit: type=2000 audit(1516357327.724:1): initialized
[   35.046864] Initialise system trusted keyring
[   35.182048] HugeTLB registered 2 MB page size, pre-allocated 0 pages
[   35.363330] zbud: loaded
[   35.437146] VFS: Disk quotas dquot_6.6.0
[   35.548009] tsc: Refined TSC clocksource calibration: 1994.700 MHz
[   35.735836] clocksource: tsc: mask: 0xffffffffffffffff max_cycles: 0x39813f71528, max_idle_ns: 881590523083 ns
ÿ[   35.735962] VFS: Dquot-cache hash table entries: 512 (order 0, 4096 bytes)
[   35.736231] squashfs: version 4.0 (2009/01/31) Phillip Lougher
[   35.736479] fuse init (API version 7.23)
[   35.736599] Key type big_key registered
[   35.736622] Allocating IMA MOK and blacklist keyrings.
[   35.736835] Key type asymmetric registered
[   35.736843] Asymmetric key parser 'x509' registered
[   35.736878] Block layer SCSI generic (bsg) driver version 0.4 loaded (major 249)
[   35.736908] io scheduler noop registered
[   35.736910] io scheduler deadline registered (default)
[   35.736938] io scheduler cfq registered
[   35.737040] pci_hotplug: PCI Hot Plug PCI Core version: 0.5
[   35.737045] pciehp: PCI Express Hot Plug Controller Driver version: 0.4
[   35.737440] ACPI: AC Adapter [AC] (off-line)
[   35.737499] input: Power Button as /devices/LNXSYSTM:00/LNXPWRBN:00/input/input0
[   35.737502] ACPI: Power Button [PWRF]
[   35.737595] input: Sleep Button as /devices/LNXSYSTM:00/LNXSLPBN:00/input/input1
[   35.737596] ACPI: Sleep Button [SLPF]
[   35.737764] GHES: HEST is not enabled!
[   35.738924] ACPI: Battery Slot [BAT0] (battery present)
[   35.738973] Serial: 8250/16550 driver, 32 ports, IRQ sharing enabled
[   36.040177] 00:02: ttyS0 at I/O 0x3f8 (irq = 4, base_baud = 115200) is a 16550A
[   36.256531] Linux agpgart interface v0.103
[   36.506681] loop: module loaded
[   36.507209] scsi host0: ata_piix
[   36.507256] scsi host1: ata_piix
[   36.507281] ata1: PATA max UDMA/33 cmd 0x1f0 ctl 0x3f6 bmdma 0xd000 irq 14
[   36.507282] ata2: PATA max UDMA/33 cmd 0x170 ctl 0x376 bmdma 0xd008 irq 15
[   36.507349] libphy: Fixed MDIO Bus: probed
[   36.507351] tun: Universal TUN/TAP device driver, 1.6
[   36.507352] tun: (C) 1999-2004 Max Krasnyansky <maxk@qualcomm.com>
[   36.507695] PPP generic driver version 2.4.2
[   36.507751] ehci_hcd: USB 2.0 'Enhanced' Host Controller (EHCI) Driver
[   36.507756] ehci-pci: EHCI PCI platform driver
[   36.507771] ehci-platform: EHCI generic platform driver
[   36.507778] ohci_hcd: USB 1.1 'Open' Host Controller (OHCI) Driver
[   36.507782] ohci-pci: OHCI PCI platform driver
[   36.507789] ohci-platform: OHCI generic platform driver
[   36.507797] uhci_hcd: USB Universal Host Controller Interface driver
[   36.507850] i8042: PNP: PS/2 Controller [PNP0303:PS2K,PNP0f03:PS2M] at 0x60,0x64 irq 1,12
[   36.622269] serio: i8042 KBD port at 0x60,0x64 irq 1
[   36.622273] serio: i8042 AUX port at 0x60,0x64 irq 12
[   36.622381] mousedev: PS/2 mouse device common for all mice
[   36.622708] rtc_cmos rtc_cmos: rtc core: registered rtc_cmos as rtc0
[   36.622759] rtc_cmos rtc_cmos: alarms up to one day, 114 bytes nvram
[   36.622764] i2c /dev entries driver
[   36.622814] device-mapper: uevent: version 1.0.3
[   36.622860] device-mapper: ioctl: 4.34.0-ioctl (2015-10-28) initialised: dm-devel@redhat.com
[   36.622874] ledtrig-cpu: registered to indicate activity on CPUs
[   36.623108] NET: Registered protocol family 10
[   36.623255] NET: Registered protocol family 17
[   36.623266] Key type dns_resolver registered
[   36.760817] microcode: CPU0 sig=0x40661, pf=0x40, revision=0x0
[   36.760848] microcode: CPU1 sig=0x40661, pf=0x40, revision=0x0
[   36.760942] microcode: Microcode Update Driver: v2.01 <tigran@aivazian.fsnet.co.uk>, Peter Oruba
[   36.761176] registered taskstats version 1
[   36.761193] Loading compiled-in X.509 certificates
[   36.761841] Loaded X.509 cert 'Build time autogenerated kernel key: d1010f9627fd9242df4b03365d2931dfd1ad3d42'
[   36.761866] swap: loaded using pool lzo/zbud
[   36.763416] Key type trusted registered
[   36.765617] Key type encrypted registered
[   36.765623] AppArmor: AppArmor sha1 policy hashing enabled
[   36.765626] ima: No TPM chip found, activating TPM-bypass!
[   36.765650] evm: HMAC attrs: 0x1
[   36.766045]   Magic number: 2:279:376
[   36.938847] rtc_cmos rtc_cmos: setting system clock to 2018-01-19 10:22:34 UTC (1516357354)
[   36.939043] BIOS EDD facility v0.16 2004-Jun-25, 0 devices found
[   36.939043] EDD information not available.
[   37.614983] input: AT Translated Set 2 keyboard as /devices/platform/i8042/serio0/input/input2
[   46.008895] Freeing unused kernel memory: 1492K
[   46.275766] Write protecting the kernel read-only data: 14336k
[   46.486357] Freeing unused kernel memory: 1748K
[   46.668617] Freeing unused kernel memory: 112K
Loading, please [   46.886692] random: systemd-udevd: uninitialized urandom read (16 bytes read, 5 bits of entropy available)
wait...
startin[   46.887376] random: udevadm: uninitialized urandom read (16 bytes read, 5 bits of entropy available)
g version 229
[   46.887409] random: udevadm: uninitialized urandom read (16 bytes read, 5 bits of entropy available)
[   46.887522] random: udevadm: uninitialized urandom read (16 bytes read, 5 bits of entropy available)
[   46.887560] random: udevadm: uninitialized urandom read (16 bytes read, 5 bits of entropy available)
[   46.887599] random: udevadm: uninitialized urandom read (16 bytes read, 5 bits of entropy available)
[   46.887639] random: udevadm: uninitialized urandom read (16 bytes read, 5 bits of entropy available)
[   46.887675] random: udevadm: uninitialized urandom read (16 bytes read, 5 bits of entropy available)
[   46.887708] random: udevadm: uninitialized urandom read (16 bytes read, 5 bits of entropy available)
[   46.887743] random: udevadm: uninitialized urandom read (16 bytes read, 5 bits of entropy available)
[   50.377911] e1000: Intel(R) PRO/1000 Network Driver - version 7.3.21-k8-NAPI
[   50.533931] e1000: Copyright (c) 1999-2006 Intel Corporation.
[   50.718609] Fusion MPT base driver 3.04.20
[   50.909405] Copyright (c) 1999-2008 LSI Corporation
[   51.001239] Fusion MPT SPI Host driver 3.04.20
[   51.174175] AVX version of gcm_enc/dec engaged.
[   51.352894] AES CTR mode by8 optimization enabled
[   51.763101] e1000 0000:00:03.0 eth0: (PCI:33MHz:32-bit) 02:14:68:3e:84:47
[   51.955081] e1000 0000:00:03.0 eth0: Intel(R) PRO/1000 Network Connection
[   52.162314] input: ImExPS/2 Generic Explorer Mouse as /devices/platform/i8042/serio1/input/input4
[   52.536595] e1000 0000:00:08.0 eth1: (PCI:33MHz:32-bit) 08:00:27:08:a8:a3
[   52.728088] e1000 0000:00:08.0 eth1: Intel(R) PRO/1000 Network Connection
[   52.925564] mptbase: ioc0: Initiating bringup
[   52.925805] e1000 0000:00:08.0 enp0s8: renamed from eth1
[   53.337084] e1000 0000:00:03.0 enp0s3: renamed from eth0
[   53.554603] ioc0: LSI53C1030 A0: Capabilities={Initiator}
[   53.902352] scsi host2: ioc0: LSI53C1030 A0, FwRev=00000000h, Ports=1, MaxQ=256, IRQ=20
[   54.265208] floppy0: no floppy controllers found
[   54.406327] scsi 2:0:0:0: Direct-Access     VBOX     HARDDISK         1.0  PQ: 0 ANSI: 5
[   54.718797] scsi target2:0:0: Beginning Domain Validation
[   54.826943] scsi target2:0:0: Domain Validation skipping write tests
[   54.884247] scsi target2:0:0: Ending Domain Validation
[   55.031658] scsi target2:0:0: asynchronous
[   55.235737] scsi 2:0:1:0: Direct-Access     VBOX     HARDDISK         1.0  PQ: 0 ANSI: 5
[   55.584364] scsi target2:0:1: Beginning Domain Validation
[   55.776314] scsi target2:0:1: Domain Validation skipping write tests
[   55.924012] scsi target2:0:1: Ending Domain Validation
[   55.977723] scsi target2:0:1: asynchronous
[   56.039957] sd 2:0:0:0: Attached scsi generic sg0 type 0
[   56.258237] sd 2:0:0:0: [sda] 20971520 512-byte logical blocks: (10.7 GB/10.0 GiB)
[   56.454506] sd 2:0:0:0: [sda] Write Protect is off
[   56.560554] sd 2:0:1:0: Attached scsi generic sg1 type 0
[   56.678499] sd 2:0:1:0: [sdb] 20480 512-byte logical blocks: (10.5 MB/10.0 MiB)
[   56.678575] sd 2:0:0:0: [sda] Incomplete mode parameter data
[   56.678577] sd 2:0:0:0: [sda] Assuming drive cache: write through
[   56.909927]  sda: sda1
[   56.910793] sd 2:0:0:0: [sda] Attached SCSI disk
[   57.313775] sd 2:0:1:0: [sdb] Write Protect is off
[   57.497500] sd 2:0:1:0: [sdb] Incomplete mode parameter data
[   57.713219] sd 2:0:1:0: [sdb] Assuming drive cache: write through
[   57.896771] sd 2:0:1:0: [sdb] Attached SCSI disk
Begin: Loading e[   59.276680] md: linear personality registered for level -1
ssential drivers[   59.371040] md: multipath personality registered for level -4
 ... [   59.545005] md: raid0 personality registered for level 0
[   59.705171] md: raid1 personality registered for level 1
[   59.942279] raid6: sse2x1   gen()  9194 MB/s
[   60.138513] raid6: sse2x1   xor()  7496 MB/s
[   60.334517] raid6: sse2x2   gen() 11306 MB/s
[   60.526421] raid6: sse2x2   xor()  7253 MB/s
[   60.726277] raid6: sse2x4   gen() 13923 MB/s
[   60.910746] raid6: sse2x4   xor()  9354 MB/s
[   61.031952] raid6: using algorithm sse2x4 gen() 13923 MB/s
[   61.190859] raid6: .... xor() 9354 MB/s, rmw enabled
[   61.332590] raid6: using ssse3x2 recovery algorithm
[   61.472130] xor: automatically using best checksumming function:
[   61.615346]    avx       : 21818.000 MB/sec
[   61.745018] async_tx: api initialized (async)
[   61.871595] md: raid6 personality registered for level 6
[   62.022941] md: raid5 personality registered for level 5
[   62.171485] md: raid4 personality registered for level 4
[   62.329155] md: raid10 personality registered for level 10
done.
Begin: Running /scripts/init-p[   62.520938] Btrfs loaded
remount ... done.
Begin: Mounting root file sys[   62.623513] EXT4-fs (sda1): mounted filesystem with ordered data mode. Opts: (null)
tem ... Begin: Running /scripts/local-top ... done.
Begin: Running /scripts/local-premount ... Scanning for Btrfs filesystems
done.
Warning: fsck not present, so skipping root file system
done.
Begin: Running /scripts/local-bottom ... done.
Begin: Running /scripts/init-bottom ... done.
[   62.885520] systemd[1]: systemd 229 running in system mode. (+PAM +AUDIT +SELINUX +IMA +APPARMOR +SMACK +SYSVINIT +UTMP +LIBCRYPTSETUP +GCRYPT +GNUTLS +ACL +XZ -LZ4 +SECCOMP +BLKID +ELFUTILS +KMOD -IDN)
[   63.582251] systemd[1]: Detected virtualization oracle.
[   63.775518] systemd[1]: Detected architecture x86-64.

Welcome to [1mUbuntu 16.04.3 LTS[0m!

[   63.852137] systemd[1]: Set hostname to <ubuntu>.
[   63.855820] systemd[1]: Initializing machine ID from random generator.
[   64.045574] systemd[1]: Installed transient /etc/machine-id file.
[   64.382600] systemd[1]: Listening on Journal Socket.
[[0;32m  OK  [0m] Listening on Journal Socket.
[   64.595214] systemd[1]: Listening on Journal Audit Socket.
[[0;32m  OK  [0m] Listening on Journal Audit Socket.
[   64.846899] systemd[1]: Listening on udev Kernel Socket.
[[0;32m  OK  [0m] Listening on udev Kernel Socket.
[   64.999177] systemd[1]: Listening on LVM2 poll daemon socket.
[[0;32m  OK  [0m] Listening on LVM2 poll daemon socket.
[   65.251176] systemd[1]: Reached target Swap.
[[0;32m  OK  [0m] Reached target Swap.
[   65.446806] systemd[1]: Listening on /dev/initctl Compatibility Named Pipe.
[[0;32m  OK  [0m] Listening on /dev/initctl Compatibility Named Pipe.
[   65.782774] systemd[1]: Listening on Syslog Socket.
[[0;32m  OK  [0m] Listening on Syslog Socket.
[   66.040958] systemd[1]: Started Forward Password Requests to Wall Directory Watch.
[[0;32m  OK  [0m] Started Forward Password Requests to Wall Directory Watch.
[   66.275432] systemd[1]: Created sliee System Slice.
[[0;32m  OK  [0m] Created slice System Slice.
[   66.527204] systemd[1]: Starting Load Kernel Modules...
[   66.678567] Loading iSCSI transport class v2.0-870.
         Startin[   66.820462] random: nonblocking pool is initialized
g Load Kernel Mo[   66.985520] iscsi: registered transport (tcp)
dules...
[   67.119148] systemd[1]: Mounting POSIX Message Queue File System...
         Mounting POSIX Message [   67.197080] iscsi: registered transport (iser)
Queue File System...
[   67.383294] systemd[1]: Created slice system-serial\x2dgetty.slice.
[[0;32m  OK  [0m] Created slice system-serial\x2dgetty.slice.
[   67.738774] systemd[1]: Starting Create list of required static device nodes for the current kernel...
         Starting Create list of required st... nodes for the current kernel...
[   68.278516] systemd[1]: Starting Set console keymap...
         Starting Set console keymap...
[   68.378904] systemd[1]: Mounting Debug File System...
         Mounting Debug File System...
[   68.662788] systemd[1]: Starting Uncomplicated firewall...
         Starting Uncomplicated firewall...
[   68.874538] systemd[1]: Mounting Huge Pages File System...
         Mounting Huge Pages File System...
[   69.202995] systemd[1]: Listening on udev Control Socket.
[[0;32m  OK  [0m] Listening on udev Control Socket.
[   69.454936  systemd[1]: Starting Nameserver information manager...
         Starting Nameserver information manager...
[   69.759255] systemd[1]: Created slice User and Session Slice.
[[0;32m  OK  [0m] Created slice User and Session Slice.
[   70.099341] systemd[1]: Reached target Slices.
[[0;32m  OK  [0m] Reached target Slices.
[   70.379037] systemd[1]: Started Trigger resolvconf update for networkd DNS.
[[0;32m  OK  [0m] Started Trigger resolvconf update for networkd DNS.
[   70.566802] systemd[1]: Listening on LVM2 metadata daemon socket.
[[0;32m  OK  [0m] Listening on LVM2 metadata daemon socket.
[   70.910783] systemd[1]: Listening on Journal Socket (/dev/log).
[[0;32m  OK  [0m] Listening on Journal Socket (/dev/log).
[   71.278643] systemd[1]: Starting Journal Service...
         Starting Journal Service...
[   71.534811] systemd[1]: Reached target Encrypted Volumes.
[[0;32m  OK  [0m] Reached target Encrypted Volumes.
[   71.690819] systemd[1]: Starting Remount Root and Kernel File Systems...
[   71.694688] EXT4-fs (sda1): re-mounted. Opts: (null)
         Starting Remount Root and Kernel File Systems...
[   72.186904] systemd[1]: Reached target User and Group Name Lookups.
[[0;32m  OK  [0m] Reached target User and Group Name Lookups.
[   72.451056] systemd[1]: Listening on Device-mapper event daemon FIFOs.
[[0;32m  OK  [0m] Listening on Device-mapper event daemon FIFOs.
[   72.787108] systemd[1]: Starting Monitoring of LVM2 mirrors, snapshots etc. using dmeventd or progress polling...
         Starting Monitoring of LVM2 mirrors... dmeventd or progress polling...
[   73.187301] systemd[1]: Set up automount Arbitrary Executable File Formats File System Automount Point.
[[0;32m  OK  [0m] Set up automount Arbitrary Executab...ats File System Automount Point.
[   73.415856] systemd[1]: Mounted Debug File System.
[[0;32m  OK  [0m] Mounted Debug File System.
[   73.642790] systemd[1]: Mounted Huge Pages File System.
[[0;32m  OK  [0m] Mounted Huge Pages File System.
[   73.870622] systemd[1]: Mounted POSIX Message Queue File System.
[[0;32m  OK  [0m] Mounted POSIX Message Queue File System.
[   74.051025] systemd[1]: Started Journal Service.
[[0;32m  OK  [0m] Started Journal Service.
[[0;32m  OK  [0m] Started Load Kernel Modules.
[[0;32m  OK  [0m] Started Create list of required sta...ce nodes for the current kernel.
[[0;32m  OK  [0m] Started Set console keymap.
[[0;32m  OK  [0m] Started Uncomplicated firewall.
[[0;32m  OK  [0m] Started Remount Root and Kernel File Systems.
[[0;32m  OK  [0m] Started Nameserver information manager.
[[0;32m  OK  [0m] Started LVM2 metadata daemon.
         Starting udev Coldplug all Devices...
         Starting Initial cloud-init job (pre-networking)...
         Starting Load/Save Random Seed...
         Starting Create Static Device Nodes in /dev...
         Mounting FUSE Control File System...
         Starting Apply Kernel Variables...
         Starting Flush Journal to Persistent Storage...
[[0;32m  OK  [0m] Mounted FUSE Control File System.
[[0;32m  OK  [0m] Started Monitoring of LVM2 mirrors,...ng dmeventd or progress polling.
[[0;32m  OK  [0m] Started Load/Save Random Seed.
[[0;32m  OK  [0m] Started Create Static Device Nodes in /dev.
[[0;32m  OK  [0m] Started Apply Kernel Variables.
[[0;32m  OK  [0m] Started udev Coldplug all Devices.
[[0;32m  OK  [0m] Started Flush Journal to Persistent Storage.
[   46.010903] cloud-init[442]: Cloud-init v. 0.7.9 running 'init-local' at Fri, 19 Jan 2018 10:23:13 +0000. Up 45.77 seconds.
[[0;32m  OK  [0m] Started Initial cloud-init job (pre-networking).
[[0;32m  OK  [0m] Reached target Network (Pre).
         Starting udev Kernel Device Manager...
[[0;32m  OK  [0m] Started udev Kernel Device Manager.
[[0;32m  OK  [0m] Reached target Local File Systems (Pre).
[[0;32m  OK  [0m] Reached target Local File Systems.
         Starting Tell Plymouth To Write Out Runtime Data...
         Starting Commit a transient machine-id on disk...
         Starting Create Volatile Files and Directories...
         Starting LSB: AppArmor initialization...
         Starting Set console font and keymap...
[[0;32m  OK  [0m] Started Dispatch Password Requests to Console Directory Watch.
[[0;32m  OK  [0m] Started Tell Plymouth To Write Out Runtime Data.
[[0;32m  OK  [0m] Started Commit a transient machine-id on disk.
[[0;32m  OK  [0m] Started Create Volatile Files and Directories.
[[0;32m  OK  [0m] Started Set console font and keymap.
[[0;32m  OK  [0m] Found device /dev/ttyS0.
[[0;32m  OK  [0m] Listening on Load/Save RF Kill Switch Status /dev/rfkill Watch.
[[0;32m  OK  [0m] Created slice system-getty.slice.
         Starting Update UTMP about System Boot/Shutdown...
[[0;32m  OK  [0m] Reached target System Time Synchronized.
[[0;32m  OK  [0m] Started Update UTMP about System Boot/Shutdown.
[[0;32m  OK  [0m] Started LSB: AppArmor initialization.
         Starting Raise network interfaces...
[[0;32m  OK  [0m] Started ifup for enp0s3.
[[0;32m  OK  [0m] Started Raise network interfaces.
         Starting Initial cloud-init job (metadata service crawler)...
[[0;32m  OK  [0m] Reached target Network.
[   50.719198] cloud-init[964]: Cloud-init v. 0.7.9 running 'init' at Fri, 19 Jan 2018 10:23:17 +0000. Up 49.91 seconds.
[   50.824524] cloud-init[964]: ci-info: ++++++++++++++++++++++++++++++++++++++Net device info++++++++++++++++++++++++++++++++++++++
[[0;32m  OK  [0m] Started Initial cloud-init job (metadata service crawler).
[   50.824917] cloud-init[964]: ci-info: +--------+-------+----------------------------+---------------+-------+-------------------+
[   50.934251] cloud-init[964]: ci-info: | Device |   Up  |          Address           |      Mask     | Scope |     Hw-Address    |
[   50.934702] cloud-init[964]: ci-info: +--------+-------+----------------------------+---------------+-------+-------------------+
[[0;32m  OK  [0m] Reached target Cloud-config availability.
[   50.934906] cloud-init[964]: ci-info: |   lo   |  True |         127.0.0.1          |   255.0.0.0   |   .   |         .         |
[   51.165139] cloud-init[964]: ci-info: |   lo   |  True |          ::1/128           |       .       |  host |         .         |
[[0;32m  OK  [0m] Reached target Network is Online.
[   51.165407] cloud-init[964]: ci-info: | enp0s8 | False |             .              |       .       |   .   | 08:00:27:08:a8:a3 |
[   51.473375] cloud-init[964]: ci-info: | enp0s3 |  True |         10.0.2.15          | 255.255.255.0 |   .   | 02:14:68:3e:84:47 |
[   51.473764] cloud-init[964]: ci-info: | enp0s3 |  True | fe80::14:68ff:fe3e:8447/64 |       .       |  link | 02:14:68:3e:84:47 |
[   51.473966] cloud-init[964]: ci-info: +--------+-------+----------------------------+---------------+-------+-------------------+
[   51.474162] cloud-init[964]: ci-info: +++++++++++++++++++++++++++Route IPv4 info++++++++++++++++++++++++++++
[   51.474363] cloud-init[964]: ci-info: +-------+-------------+----------+---------------+-----------+-------+
         Starting iSCSI initiator daemon (iscsid)...
[[   51.475246] cloud-init[964]: ci-info: | Route | Destination | Gateway  |    Genmask    | Interface | Flags |
[   51.837350] cloud-init[964]: ci-info: +-------+-------------+----------+---------------+-----------+-------+
[0;32m  OK  [0m] Reached target System Initialization.
[[   51.837604] cloud-init[964]: ci-info: |   0   |   0.0.0.0   | 10.0.2.2 |    0.0.0.0    |   enp0s3  |   UG  |
[   52.029250] cloud-init[964]: ci-info: |   1   |   10.0.2.0  | 0.0.0.0  | 255.255.255.0 |   enp0s3  |   U   |
[0;32m  OK  [0m] Started Daily apt download activities.
[[   52.029404] cloud-init[964]: ci-info: +-------+-------------+----------+---------------+-----------+-------+
[0;32m  OK  [0m] Started Daily apt upgrade and clean activities.
[[   52.229253] cloud-init[964]: Generating public/private rsa key pair.
[   52.357018] cloud-init[964]: Your identification has been saved in /etc/ssh/ssh_host_rsa_key.
[0;32m  OK  [0m] Started Timer to automatically refresh installed snaps.
[   52.357357] cloud-init[964]: Your public key has been saved in /etc/ssh/ssh_host_rsa_key.pub.
[   52.608385] cloud-init[964]: The key fingerprint is:
[   52.609002] cloud-init[964]: SHA256:l9QsIgUsfqdOWbMt6A7OnOafS7/VVdlEUc3RaTLw328 root@ubuntu-xenial
[[0;32m  OK  [0m] Started ACPI Events Check.
[   52.609247] cloud-init[964]: The key's randomart image is:
[   52.772999] cloud-init[964]: +---[RSA 2048]----+
[[0;32m  OK  [0m] Reached target Paths.
[[   52.773317] cloud-init[964]: |     ....  ..  =@|
[   52.886372] cloud-init[964]: |    . ..   o.o +*|
[0;32m  OK  [0m] Started Timer to automatically fetch and run repair assertions.
[   52.886633] cloud-init[964]: |   . .. . o o.+.o|
[   53.080463] cloud-init[964]: |    . ..+o o  ...|
[   53.081271] cloud-init[964]: |     . *S+o   ...|
         Starting LXD - unix socket.
[   53.081525] cloud-init[964]: |      = o... .  .|
[   53.176878] cloud-init[964]: |    .+.  .. .   E|
[[0;32m  OK  [0m] Listening on UUID daemon activation socket.
[   53.177123] cloud-init[964]: |   +.+oo .     . |
[   53.324558] cloud-init[964]: |   o*o=.o.       |
         Starting Socket activation for snappy daemon.
[   53.325089] cloud-init[964]: +----[SHA256]-----+
[   53.448428] cloud-init[964]: Generating public/private dsa key pair.
[   53.448913] cloud-init[964]: Your identification has been saved in /etc/ssh/ssh_host_dsa_key.
[[0;32m  OK  [0m] Started Daily Cleanup of Temporary Directories.
[   53.449188] cloud-init[964]: Your public key has been saved in /etc/ssh/ssh_host_dsa_key.pub.
[   53.608952] cloud-init[964]: The key fingerprint is:
[[0;32m  OK  [0m] Reached target Timers.
[[   53.609150] cloud-init[964]: SHA256://muxV2q51efk8Xw8PV7yymNeLMfSDB8R4p/iF73myo root@ubuntu-xenial
[   53.757480] cloud-init[964]: The key's randomart image is:
[   53.757692] cloud-init[0;32m  OK  [0m[964]: ] +---[DSA 1024]----+Listening on ACPID Listen Socket.

[[   53.757751] cloud-init[964]: |               . |
[   53.958960] cloud-init[964]: |          . . o  |
[0;32m  OK  [0m] Listening on D-Bus System Message Bus Socket.
[   53.959092] cloud-init[964]: |           = o . |
[   54.040448] cloud-init[964]: |            * = .|
[   54.040905] cloud-init[964]: |        S  . = O+|
[[0;32m  OK  [0m] Listening on LXD - unix socket.
[[   54.041221] cloud-init[964]: |         .. o.+oX|
[   54.129000] cloud-init[964]: |          ....*.X|
[0;32m  OK  [0m] Listening on Socket activation for snappy daemon.
[[   54.129226] cloud-init[964]: |           E Oo*O|
[   54.245414] cloud-init[964]: |            BOXO+|
[0;32m  OK  [0m] Started iSCSI initiator daemon (iscsid).
[   54.245609] cloud-init[964]: +----[SHA256]-----+
[   54.424487] cloud-init[964]: Generating public/private ecdsa key pair.
[   54.424918] cloud-init[964]: Your identification has been saved in /etc/ssh/ssh_host_ecdsa_key.
         Starting Login to default iSCSI targets...
[[   54.425108] cloud-init[964]: Your public key has been saved in /etc/ssh/ssh_host_ecdsa_key.pub.
[   54.597166] cloud-init[964]: The key fingerprint is:
[0;32m  OK  [0m] Reached target Sockets.
[   54.597377] cloud-init[964]: SHA256:n/8SaMnLoixDvNME33c50rktops33PrKtslcRNiMhE8 root@ubuntu-xenial
[[0;32m  OK  [0m] Reached target Basic System.
[   54.741281] cloud-init[964]: The key's randomart image is:
[   54.856503] cloud-init[964]: +---[ECDSA 256]---+
[   54.856904] cloud-init[964]: |         ..      |
         Starting Accounts Service...
[   54.857169] cloud-init[964]: |        ..E=     |
[   54.955711] cloud-init[964]: |         oo +    |
[[0;32m  OK  [0m] Started Unattended Upgrades Shutdown.
[   54.956094] cloud-init[964]: |    .     ..     |
[   55.124322] cloud-init[964]: |   . o .S. +.o   |
[[0;32m  OK  [0m] Started ACPI event daemon.
[   55.124840] cloud-init[964]: |    o o ..BoB    |
[   55.224393] cloud-init[964]: |   . +   =o=.=   |
[   55.280415] cloud-init[964]: |    =.. .=O+= .  |
         Starting /etc/rc.local Compatibility...
[   55.319320] cloud-init[964]: |     +o.+*OBo+.  |
         Starting LSB: MD monitoring daemon...
[   55.400194] cloud-init[964]: +----[SHA256]-----+
[   55.460946] cloud-init[964]: Generating public/private ed25519 key pair.
[   55.500653] cloud-init[964]: Your identification has been saved in /etc/ssh/ssh_host_ed25519_key.
[[0;32m  OK  [0m] Started Regular background program processing daemon.
[   55.575750] cloud-init[964]: Your public key has been saved in /etc/ssh/ssh_host_ed25519_key.pub.
[   55.696773] cloud-init[964]: The key fingerprint is:
[   55.736523] cloud-init[964]: SHA256:e7m1zhuAA4LumkGwEf6HkBtzUA3pR3ie2CnGWMC1KVw root@ubuntu-xenial
[[0;32m  OK  [0m] Started FUSE filesystem for LXC.
[   55.815953] cloud-init[964]: The key's randomart image is:
[   55.908430] cloud-init[964]: +--[ED25519 256]--+
[   55.956443] cloud-init[964]: |oo+E=            |
[   56.008420] cloud-init[964]: |oo+=o+           |
[   56.052249] cloud-init[964]: |oO*+B +          |
[   56.052362] cloud-init[964]: |.=O*.B . .       |
[   56.052555] cloud-init[964]: |.oooo.  S .      |
[   56.052589] cloud-init[964]: |..  .    o o     |
[   56.052619] cloud-init[964]: |. .     . o o    |
[   56.052648] cloud-init[964]: | +       . + o   |
[   56.052919] cloud-init[964]: |o         ..=.   |
[   56.052987] cloud-init[964]: +----[SHA256]-----+
         Starting Apply the settings specified in cloud-config...
[   56.270400] cloud-init[1085]: Generating locales (this might take a while)...
         Starting System Logging Service...
[[0;32m  OK  [0m] Started Deferred execution scheduler.
         Starting Pollinate to seed the pseudo random number generator...
[[0;32m  OK  [0m] Started D-Bus System Message Bus.
         Starting Snappy daemon...
         Starting Login Service...
         Starting LSB: Record successful boot for GRUB...
         Starting LXD - container startup/shutdown...
[[0;32m  OK  [0m] Started System Logging Service.
[[0;32m  OK  [0m] Started Snappy daemon.
[[0;32m  OK  [0m] Started /etc/rc.local Compatibility.
[[0;32m  OK  [0m] Started LXD - container startup/shutdown.
[   57.217252] cloud-init[1085]:   en_US.UTF-8... done
[   57.272610] cloud-init[1085]: Generation complete.
[[0;32m  OK  [0m] Started Login to default iSCSI targets.
[[0;32m  OK  [0m] Started LSB: MD monitoring daemon.
[[0;32m  OK  [0m] Started LSB: Record successful boot for GRUB.
[[0;32m  OK  [0m] Started Login Service.
[[0;32m  OK  [0m] Stopped OpenBSD Secure Shell server.
         Starting OpenBSD Secure Shell server...
         Starting Authenticate and Authorize Users to Run Privileged Tasks...
[[0;32m  OK  [0m] Reached target Remote File Systems (Pre).
[[0;32m  OK  [0m] Reached target Remote File Systems.
         Starting LSB: VirtualBox Linux Additions...
         Starting Permit User Sessions...
         Starting LSB: daemon to balance interrupts for SMP systems...
         Starting LSB: automatic crash report generation...
         Starting LSB: Set the CPU Frequency Scaling governor to "ondemand"...
         Starting Auto import assertions from block devices...
[[0;32m  OK  [0m] Started OpenBSD Secure Shell server.
[[0;32m  OK  [0m] Started Permit User Sessions.
[[0;32m  OK  [0m] Started Auto import assertions from block devices.
[[0;32m  OK  [0m] Started Authenticate and Authorize Users to Run Privileged Tasks.
[[0;32m  OK  [0m] Started Accounts Service.
[[0;32m  OK  [0m] Created slice User Slice of ubuntu.
[   58.540119] cloud-init[1085]: Cloud-init v. 0.7.9 running 'modules:config' at Fri, 19 Jan 2018 10:23:23 +0000. Up 56.13 seconds.
[[0;32m  OK  [0m] Started Session 1 of user ubuntu.
         Starting User Manager for UID 1000...
         Starting Hold until boot process finishes up...
         Starting Terminate Plymouth Boot Screen...
[[0;32m  OK  [0m] Started User Manager for UID 1000.
[[0;32m  OK  [0m] Started Apply the settings specified in cloud-config.
[[0;32m  OK  [0m] Started LSB: VirtualBox Linux Additions.
[[0;32m  OK  [0m] Started LSB: daemon to balance interrupts for SMP systems.
[[0;32m  OK  [0m] Started LSB: automatic crash report generation.
[[0;32m  OK  [0m] Started LSB: Set the CPU Frequency Scaling governor to "ondemand".
[[0;32m  OK  [0m] Started Hold until boot process finishes up.
[[0;32m  OK  [0m] Started Terminate Plymouth Boot Screen.
         Starting Set console scheme...
[[0;32m  OK  [0m] Started Getty on tty1.
[[0;32m  OK  [0m] Started Serial Getty on ttyS0.
[[0;32m  OK  [0m] Reached target Login Prompts.
[[0;32m  OK  [0m] Started Set console scheme.
[[0;32m  OK  [0m] Started Pollinate to seed the pseudo random number generator.
[[0;32m  OK  [0m] Reached target Multi-User System.
         Starting Execute cloud user/final scripts...
[[0;32m  OK  [0m] Reached target Graphical Interface.
         Starting Update UTMP about System Runlevel Changes...
[[0;32m  OK  [0m] Started Update UTMP about System Runlevel Changes.
ci-info: +++++Authorized keys from /home/ubuntu/.ssh/authorized_keys for user ubuntu++++++
[[0;32m  OK  [0m] Started Session 2 of user ubuntu.
ci-info: +---------+-------------------------------------------------+---------+---------+
ci-info: | Keytype |                Fingerprint (md5)                | Options | Comment |
ci-info: +---------+-------------------------------------------------+---------+---------+
ci-info: | ssh-rsa | 5f:93:d1:af:cb:8c:05:96:8d:ba:dc:9f:4d:03:25:b3 |    -    | vagrant |
ci-info: +---------+-------------------------------------------------+---------+---------+
<14>Jan 19 10:23:28 ec2: 
<14>Jan 19 10:23:28 ec2: #############################################################
<14>Jan 19 10:23:28 ec2: -----BEGIN SSH HOST KEY FINGERPRINTS-----
<14>Jan 19 10:23:28 ec2: 1024 SHA256://muxV2q51efk8Xw8PV7yymNeLMfSDB8R4p/iF73myo root@ubuntu-xenial (DSA)
<14>Jan 19 10:23:28 ec2: 256 SHA256:n/8SaMnLoixDvNME33c50rktops33PrKtslcRNiMhE8 root@ubuntu-xenial (ECDSA)
<14>Jan 19 10:23:28 ec2: 256 SHA256:e7m1zhuAA4LumkGwEf6HkBtzUA3pR3ie2CnGWMC1KVw root@ubuntu-xenial (ED25519)
<14>Jan 19 10:23:28 ec2: 2048 SHA256:l9QsIgUsfqdOWbMt6A7OnOafS7/VVdlEUc3RaTLw328 root@ubuntu-xenial (RSA)
<14>Jan 19 10:23:28 ec2: -----END SSH HOST KEY FINGERPRINTS-----
<14>Jan 19 10:23:28 ec2: #############################################################
-----BEGIN SSH HOST KEY KEYS-----
ecdsa-sha2-nistp256 AAAAE2VjZHNhLXNoYTItbmlzdHAyNTYAAAAIbmlzdHAyNTYAAABBBOy94/ZD9wi7oJF3N19cmUqEvRO5gLuhA06bX9tlnMAMT13dLazmV8XtVtPPk1nIIE01Z6A8oCsrmq9YXLK6gyI= root@ubuntu-xenial
ssh-ed25519 AAAAC3NzaC1lZDI1NTE5AAAAIJlzULdiT3NAauHF5TDEx7gXIiW+9S93qaB/9IPSWHpb root@ubuntu-xenial
ssh-rsa AAAAB3NzaC1yc2EAAAADAQABAAABAQDUgwhelJp16a1juJa+V52Enr1bP1WLUN/9s2R2UeRBL98BdywPsk2XdhzkXQ/FhlNxYaf4S+yBsB0G16L1/gO+TX/IvsyND0CDHp+1FX9SLmxw9vKjYq50Utasg2PnTQrzmqkvGI98nVsC9r/fqYqho4/7TWgpfNAjteI0vUpsWI7eaeXZO3NFeA8qqJpIalnhrU8+F+/8L0jOBuwmgn7Zl4xe0i8YOq8xBjH1BPE3PMLcumDzz18dBNXj3wHWCfeqqbaBro9seMxiqoe2WddoLFi0XAaF5Q3bhFmrxPDNz1ArkSkb2nb0ULUfEd2h2zyOf+brIBvCxbgIPKKr8RPF root@ubuntu-xenial
-----END SSH HOST KEY KEYS-----
[   62.626602] cloud-init[1477]: Cloud-init v. 0.7.9 running 'modules:final' at Fri, 19 Jan 2018 10:23:28 +0000. Up 60.87 seconds.
[   62.765244] cloud-init[1477]: Cloud-init v. 0.7.9 finished at Fri, 19 Jan 2018 10:23:29 +0000. Datasource DataSourceNoCloud [seed=/dev/sdb][dsmode=net].  Up 62.62 seconds
[[0;32m  OK  [0m] Started Execute cloud user/final scripts.
[[0;32m  OK  [0m] Reached target Cloud-init target.

Ubuntu 16.04.3 LTS ubuntu-xenial ttyS0

ubuntu-xenial login: 